#Packing pin usage report
Type: io
	Input Pin Usage:
		Max: 1.00 (0.50)
		Avg: 0.41 (0.20)
		Min: 0.00 (0.00)
		Histogram:
		[        0:      0.2) 94 (59.1%) |************************************************
		[      0.2:      0.4)  0 ( 0.0%) |
		[      0.4:      0.6)  0 ( 0.0%) |
		[      0.6:      0.8)  0 ( 0.0%) |
		[      0.8:        1) 65 (40.9%) |*********************************
		[        1:      1.2)  0 ( 0.0%) |
		[      1.2:      1.4)  0 ( 0.0%) |
		[      1.4:      1.6)  0 ( 0.0%) |
		[      1.6:      1.8)  0 ( 0.0%) |
		[      1.8:        2)  0 ( 0.0%) |
	Output Pin Usage:
		Max: 1.00 (1.00)
		Avg: 0.59 (0.59)
		Min: 0.00 (0.00)
		Histogram:
		[        0:      0.1) 65 (40.9%) |*********************************
		[      0.1:      0.2)  0 ( 0.0%) |
		[      0.2:      0.3)  0 ( 0.0%) |
		[      0.3:      0.4)  0 ( 0.0%) |
		[      0.4:      0.5)  0 ( 0.0%) |
		[      0.5:      0.6)  0 ( 0.0%) |
		[      0.6:      0.7)  0 ( 0.0%) |
		[      0.7:      0.8)  0 ( 0.0%) |
		[      0.8:      0.9)  0 ( 0.0%) |
		[      0.9:        1) 94 (59.1%) |************************************************

Type: clb
	Input Pin Usage:
		Max: 23.00 (0.56)
		Avg: 16.68 (0.41)
		Min: 0.00 (0.00)
		Histogram:
		[        0:      4.1)  75 (20.7%) |****************
		[      4.1:      8.2)   1 ( 0.3%) |
		[      8.2:       12)  14 ( 3.9%) |***
		[       12:       16)   0 ( 0.0%) |
		[       16:       20)  50 (13.8%) |***********
		[       20:       25) 223 (61.4%) |***********************************************
		[       25:       29)   0 ( 0.0%) |
		[       29:       33)   0 ( 0.0%) |
		[       33:       37)   0 ( 0.0%) |
		[       37:       41)   0 ( 0.0%) |
	Output Pin Usage:
		Max: 10.00 (0.50)
		Avg: 2.45 (0.12)
		Min: 1.00 (0.05)
		Histogram:
		[        0:        2) 284 (78.2%) |***********************************************
		[        2:        4)  14 ( 3.9%) |**
		[        4:        6)   0 ( 0.0%) |
		[        6:        8)  49 (13.5%) |********
		[        8:       10)  16 ( 4.4%) |***
		[       10:       12)   0 ( 0.0%) |
		[       12:       14)   0 ( 0.0%) |
		[       14:       16)   0 ( 0.0%) |
		[       16:       18)   0 ( 0.0%) |
		[       18:       20)   0 ( 0.0%) |

Type: matmul_4x4
	Input Pin Usage:
		Max: 283.00 (1.00)
		Avg: 283.00 (1.00)
		Min: 283.00 (1.00)
		Histogram:
		[        0:       28)  0 ( 0.0%) |
		[       28:       57)  0 ( 0.0%) |
		[       57:       85)  0 ( 0.0%) |
		[       85:  1.1e+02)  0 ( 0.0%) |
		[  1.1e+02:  1.4e+02)  0 ( 0.0%) |
		[  1.4e+02:  1.7e+02)  0 ( 0.0%) |
		[  1.7e+02:    2e+02)  0 ( 0.0%) |
		[    2e+02:  2.3e+02)  0 ( 0.0%) |
		[  2.3e+02:  2.5e+02)  0 ( 0.0%) |
		[  2.5e+02:  2.8e+02) 64 (100.0%) |************************************************
	Output Pin Usage:
		Max: 149.00 (0.70)
		Avg: 120.75 (0.56)
		Min: 7.00 (0.03)
		Histogram:
		[        0:       21)  1 ( 1.6%) |*
		[       21:       43)  0 ( 0.0%) |
		[       43:       64)  0 ( 0.0%) |
		[       64:       86) 14 (21.9%) |**************
		[       86:  1.1e+02)  0 ( 0.0%) |
		[  1.1e+02:  1.3e+02)  0 ( 0.0%) |
		[  1.3e+02:  1.5e+02) 49 (76.6%) |************************************************
		[  1.5e+02:  1.7e+02)  0 ( 0.0%) |
		[  1.7e+02:  1.9e+02)  0 ( 0.0%) |
		[  1.9e+02:  2.1e+02)  0 ( 0.0%) |

Type: memory
	Input Pin Usage:
		Max: 73.00 (0.75)
		Avg: 73.00 (0.75)
		Min: 73.00 (0.75)
		Histogram:
		[        0:      9.7)  0 ( 0.0%) |
		[      9.7:       19)  0 ( 0.0%) |
		[       19:       29)  0 ( 0.0%) |
		[       29:       39)  0 ( 0.0%) |
		[       39:       48)  0 ( 0.0%) |
		[       48:       58)  0 ( 0.0%) |
		[       58:       68)  0 ( 0.0%) |
		[       68:       78) 80 (100.0%) |************************************************
		[       78:       87)  0 ( 0.0%) |
		[       87:       97)  0 ( 0.0%) |
	Output Pin Usage:
		Max: 64.00 (1.00)
		Avg: 64.00 (1.00)
		Min: 64.00 (1.00)
		Histogram:
		[        0:      6.4)  0 ( 0.0%) |
		[      6.4:       13)  0 ( 0.0%) |
		[       13:       19)  0 ( 0.0%) |
		[       19:       26)  0 ( 0.0%) |
		[       26:       32)  0 ( 0.0%) |
		[       32:       38)  0 ( 0.0%) |
		[       38:       45)  0 ( 0.0%) |
		[       45:       51)  0 ( 0.0%) |
		[       51:       58)  0 ( 0.0%) |
		[       58:       64) 80 (100.0%) |************************************************

